// Jest Snapshot v1, https://goo.gl/fbAQLP

exports[`Test in <CounterApp /> Debe hacer match con el snapshot 1`] = `
<div>
  <div>
    10
  </div>
  <div>
    <button>
      +1
    </button>
    <button>
      -1
    </button>
    <button
      aria-label="button-reset"
    >
      Reset
    </button>
  </div>
</div>
`;
