// Jest Snapshot v1, https://goo.gl/fbAQLP

exports[`test in <FirstApp /> Debe hacer match con el snapshot 1`] = `
<div>
  <h1
    class="h1"
    data-testid="test-title"
  >
     
    Hello i am Jimmy
     
  </h1>
  <h2>
    There is no title
  </h2>
  <h2>
    There is no title
  </h2>
  <h2>
    There is no title
  </h2>
  <span>
    24
  </span>
</div>
`;
